
> aposta-na-sueca@0.1.0 build
> next build

Ôû▓ Next.js 16.1.6 (Turbopack)
- Environments: .env.local

  Creating an optimized production build ...
Ô£ô Compiled successfully in 2.6s
  Running TypeScript ...
node.exe : Failed to compile.
At C:\Program Files\nodejs\npm.ps1:29 char:3
+   & $NODE_EXE $NPM_CLI_JS $args
+   ~~~~~~~~~~~~~~~~~~~~~~~~~~~~~
    + CategoryInfo          : NotSpecified   
 : (Failed to compile.:String) [], Remo    
teException
    + FullyQualifiedErrorId : NativeComman   
 dError
 

./src/app/dashboard/tutorial/page.tsx:4:22
Type error: Cannot find module 
'@/components/ui/card' or its corresponding 
type declarations.

[0m [90m 2 |[39m
 [90m 3 |[39m [36mimport[39m 
[33mReact[39m [36mfrom[39m 
[32m'react'[39m
[31m[1m>[22m[39m[90m 4 |[39m 
[36mimport[39m { [33mCard[39m } 
[36mfrom[39m 
[32m'@/components/ui/card'[39m
 [90m   |[39m                      
[31m[1m^[22m[39m
 [90m 5 |[39m [36mimport[39m 
[33mLink[39m [36mfrom[39m 
[32m'next/link'[39m
 [90m 6 |[39m [36mimport[39m { 
[33mArrowLeft[39m[33m,[39m 
[33mBookOpen[39m } [36mfrom[39m 
[32m'lucide-react'[39m
 [90m 7 |[39m[0m
Next.js build worker exited with code: 1 and 
signal: null
