src/app/dashboard/tutorial/page.tsx(4,22): error TS2307: Cannot find module '@/components/ui/card' or its corresponding type declarations.
